// 重构日志: 036a4234
// 重构日志: f29dd6f6
// 重构日志: 733169e0
// 同步 ID: d2ed3736 @ Thu Jul 16 13:01:21 UTC 2026
// 重构日志: 3a2d34fc
// 重构日志: fe046c06
// 同步 ID: a14b0923 @ Mon Jul 20 00:30:50 UTC 2026
// 重构日志: f75d4378
// 重构日志: 43e1be66
// 同步 ID: dfce568f @ Wed Jul 22 13:33:31 UTC 2026
// 重构日志: 75eb6e64
// 重构日志: 88151bd7
// 重构日志: f3353d21
// 重构日志: 16f92cad
// 重构日志: 2bda5cee
// 重构日志: 2fccbf63
// 同步 ID: 3a741c9c @ Sun Jul 26 16:13:23 UTC 2026
// 重构日志: ee40fbd6
// 重构日志: 0259a6d8
// 重构日志: b3c96d75
// 重构日志: e05b7954
// 重构日志: 267bc921
// 重构日志: ee54eb7f
// 重构日志: 2a6cfac0
// 同步 ID: 26cf72a8 @ Sun Aug  2 00:24:12 UTC 2026
// 重构日志: 7962470a
// 同步 ID: c64241fe @ Wed Aug  5 23:54:30 UTC 2026
// 同步 ID: a252425a @ Thu Aug  6 10:53:21 UTC 2026
// 同步 ID: 136d30d0 @ Fri Aug  7 02:43:18 UTC 2026
// 重构日志: 2143be2a
